// Jest Snapshot v1, https://goo.gl/fbAQLP

exports[`>>>D A S H B O A R D --- Render REACT COMPONENTS +++ render < Dashboard /> renders correctly 1`] = `
Array [
  <div
    className="container-fluid sticky-top navbar-light bg-light padding-top-bottom-10"
  >
    <div
      className="row"
    >
      <div
        className="col-md-3 col-sm-1"
      />
      <div
        className="col-md-6 col-sm-8"
      >
        <input
          className="form-control"
          id="inputSearch"
          onChange={[Function]}
          placeholder="Search planets!"
          type="text"
          value=""
        />
      </div>
      <div
        className="col-md-3 col-sm-3 text-right"
      >
        <span
          className="user-dashboard"
        >
          Hi! 
          
        </span>
        <button
          className="btn btn-outline-success float-right btn-sm"
          onClick={[Function]}
          type="button"
        >
          Logout
        </button>
      </div>
    </div>
  </div>,
  <div
    className="container padding-10-0"
  >
    <div
      className="row"
    >
      <div
        className="col-md-7 text-center"
      >
        <div
          className="hide-overflow planet-list-outer"
        >
          <div>
            No planets
          </div>
          
        </div>
      </div>
      <div
        className="col-md-5 outer-div text-center"
      >
        
      </div>
    </div>
  </div>,
  <div
    className="toast  "
  >
    <figure>
      <img
        alt=""
        src="http://svgshare.com/i/19y.svg"
      />
    </figure>
    <p>
      
    </p>
  </div>,
]
`;
